kotlin version: 2.2.20
error message: java.lang.OutOfMemoryError: Java heap space
	at java.base/java.util.Arrays.copyOf(Arrays.java:3537)
	at java.base/java.io.ByteArrayOutputStream.ensureCapacity(ByteArrayOutputStream.java:100)
	at java.base/java.io.ByteArrayOutputStream.write(ByteArrayOutputStream.java:130)
	at java.base/java.io.ByteArrayOutputStream.writeTo(ByteArrayOutputStream.java:161)
	at org.jetbrains.kotlin.wasm.ir.convertors.ByteWriter$OutputStream.write(WasmIrToBinary.kt:802)
	at org.jetbrains.kotlin.wasm.ir.convertors.WasmIrToBinary.withVarUInt32PayloadSizePrepended(WasmIrToBinary.kt:359)
	at org.jetbrains.kotlin.wasm.ir.convertors.WasmIrToBinary.withVarUInt32PayloadSizePrepended$default(WasmIrToBinary.kt:343)
	at org.jetbrains.kotlin.wasm.ir.convertors.WasmIrToBinary.appendCode(WasmIrToBinary.kt:591)
	at org.jetbrains.kotlin.wasm.ir.convertors.WasmIrToBinary.appendWasmModule$lambda$0$12(WasmIrToBinary.kt:185)
	at org.jetbrains.kotlin.wasm.ir.convertors.WasmIrToBinary$$Lambda$2832/0x0000022c8189c220.invoke(Unknown Source)
	at org.jetbrains.kotlin.wasm.ir.convertors.WasmIrToBinary.appendSection_hrJef0E$lambda$1(WasmIrToBinary.kt:340)
	at org.jetbrains.kotlin.wasm.ir.convertors.WasmIrToBinary$$Lambda$2820/0x0000022c819bbdc0.invoke(Unknown Source)
	at org.jetbrains.kotlin.wasm.ir.convertors.WasmIrToBinary.withVarUInt32PayloadSizePrepended(WasmIrToBinary.kt:351)
	at org.jetbrains.kotlin.wasm.ir.convertors.WasmIrToBinary.appendSection-hrJef0E(WasmIrToBinary.kt:340)
	at org.jetbrains.kotlin.wasm.ir.convertors.WasmIrToBinary.appendWasmModule(WasmIrToBinary.kt:183)
	at org.jetbrains.kotlin.backend.wasm.WasmCompilerKt.compileWasm-RrbjFdM(wasmCompiler.kt:200)
	at org.jetbrains.kotlin.cli.pipeline.web.wasm.WasmBackendPipelinePhase.compileNonIncrementally$cli_js(WasmBackendPipelinePhase.kt:180)
	at org.jetbrains.kotlin.cli.pipeline.web.wasm.WasmBackendPipelinePhase.compileNonIncrementally(WasmBackendPipelinePhase.kt:107)
	at org.jetbrains.kotlin.cli.pipeline.web.wasm.WasmBackendPipelinePhase.compileNonIncrementally(WasmBackendPipelinePhase.kt:38)
	at org.jetbrains.kotlin.cli.pipeline.web.WebBackendPipelinePhase.executePhase(WebBackendPipelinePhase.kt:121)
	at org.jetbrains.kotlin.cli.pipeline.web.WebBackendPipelinePhase.executePhase(WebBackendPipelinePhase.kt:31)
	at org.jetbrains.kotlin.cli.pipeline.PipelinePhase.phaseBody(PipelinePhase.kt:68)
	at org.jetbrains.kotlin.cli.pipeline.PipelinePhase.phaseBody(PipelinePhase.kt:58)
	at org.jetbrains.kotlin.config.phaser.NamedCompilerPhase.invoke(CompilerPhase.kt:102)
	at org.jetbrains.kotlin.backend.common.phaser.CompositePhase.invoke(PhaseBuilders.kt:22)
	at org.jetbrains.kotlin.config.phaser.CompilerPhaseKt.invokeToplevel(CompilerPhase.kt:53)
	at org.jetbrains.kotlin.cli.pipeline.AbstractCliPipeline.runPhasedPipeline(AbstractCliPipeline.kt:109)
	at org.jetbrains.kotlin.cli.pipeline.AbstractCliPipeline.execute(AbstractCliPipeline.kt:68)
	at org.jetbrains.kotlin.cli.js.K2JSCompiler.doExecutePhased(K2JSCompiler.kt:66)
	at org.jetbrains.kotlin.cli.js.K2JSCompiler.doExecutePhased(K2JSCompiler.kt:53)
	at org.jetbrains.kotlin.cli.common.CLICompiler.execImpl(CLICompiler.kt:90)
	at org.jetbrains.kotlin.cli.common.CLICompiler.exec(CLICompiler.kt:352)


